---
source: subqueries.sqltest
expression: SELECT (SELECT count(*) FROM orders) AS order_count;
info:
  statement_type: SELECT
  tables:
  - orders
  setup_blocks:
  - schema
  database: ':memory:'
---
QUERY PLAN
|--SCALAR SUBQUERY 1
|  `--SCAN orders USING COVERING INDEX idx_orders_customer
`--SCAN CONSTANT ROW

BYTECODE
addr  opcode         p1  p2  p3  p4      p5  comment
   0    Init          0  16   0           0  Start at 16
   1    Once         13   0   0           0  goto 13
   2    BeginSubrtn   2   0   0           0  r[2]=NULL
   3    Null          0   1   0           0  r[1]=NULL
   4    Null          0   4   0           0  r[4]=NULL
   5    Integer       1   5   0           0  r[5]=1; LIMIT counter
   6    IfNot         5  12   0           0  if !r[5] goto 12
   7    OpenRead      0   9   0  k(2,B)   0  index=idx_orders_customer, root=9, iDb=0
   8    Count         0   6   0           0
   9    Close         0   0   0           0
  10    Copy          6   3   0           0  r[3]=r[6]
  11    Copy          3   1   0           0  r[1]=r[3]
  12  Return          2   0   1           0
  13  Copy            1   7   0           0  r[7]=r[1]
  14  ResultRow       7   1   0           0  output=r[7]
  15  Halt            0   0   0           0
  16  Transaction     0   1  11           0  iDb=0 tx_mode=Read
  17  Goto            0   1   0           0
