---
source: windows.sqltest
expression: |-
  SELECT
          sale_id,
          emp_id,
          sale_date,
          amount,
          SUM(amount) OVER (ORDER BY sale_date) AS running_total,
          SUM(amount) OVER (
              PARTITION BY emp_id
              ORDER BY sale_date
          ) AS emp_running_total
      FROM sales;
info:
  statement_type: SELECT
  tables:
  - sales
  setup_blocks:
  - schema
  database: ':memory:'
---
QUERY PLAN
`--SCAN window_subquery_0
   |--SCAN window_subquery_1
   |  |--SCAN sales
   |  `--USE SORTER FOR ORDER BY
   `--USE SORTER FOR ORDER BY

BYTECODE
addr  opcode                   p1   p2   p3  p4                     p5  comment
   0          Init              0  202    0                          0  Start at 202
   1          InitCoroutine     1  120    2                          0
   2          InitCoroutine     2   23    3                          0
   3          SorterOpen        0    2    0  k(2,B,B)                0  cursor=0
   4          OpenRead          1    3    0  k(5,B,B,B,B,B)          0  table=sales, root=3, iDb=0
   5          Rewind            1   13    0                          0  Rewind table sales
   6            Column          1    1    8                          0  r[8]=sales.emp_id
   7            Column          1    2    9                          0  r[9]=sales.sale_date
   8            RowId           1   10    0                          0  r[10]=sales.rowid
   9            Column          1    3   11                          0  r[11]=sales.amount
  10            MakeRecord      8    4    7                          0  r[7]=mkrec(r[8..11])
  11            SorterInsert    0    7    0  0                       0  key=r[7]
  12          Next              1    6    0                          0
  13          OpenPseudo        2    7    4                          0  4 columns in r[7]
  14          SorterSort        0   22    0                          0
  15            SorterData      0    7    2                          0  r[7]=data
  16            Column          2    0    3                          0  r[3]=pseudo.column 0
  17            Column          2    1    4                          0  r[4]=pseudo.column 1
  18            Column          2    2    5                          0  r[5]=pseudo.column 2
  19            Column          2    3    6                          0  r[6]=pseudo.column 3
  20            Yield           2    0    0                          0
  21          SorterNext        0   15    0                          0
  22          EndCoroutine      2    0    0                          0
  23          SorterOpen        3    1    0  k(1,B)                  0  cursor=3
  24          OpenEphemeral     4    1    0                          0  cursor=4 is_table=true
  25          OpenDup           5    4    0                          0  new_cursor=5, original_cursor=4
  26          OpenDup           6    4    0                          0  new_cursor=6, original_cursor=4
  27          Null              0   24    0                          0  r[24]=NULL
  28          Null              0   25    0                          0  r[25]=NULL
  29          InitCoroutine     2    0    3                          0
  30            Yield           2   74    0                          0
  31            Copy            4   27    0                          0  r[27]=r[4]
  32            Compare         3   25    1  k(1, Binary)            0  r[3..3]==r[25..25]; compare partition keys to detect new partition
  33            Jump           34   37   34                          0
  34            Gosub          26   75    0                          0  ; detected new partition
  35            Null            0   24    0                          0  r[24]=NULL
  36            Copy            3   25    0                          0  r[25]=r[3]
  37            NotNull        24   47    0                          0  r[24]!=NULL -> goto 47
  38            Copy           27   28    0                          0  r[28]=r[27]; initialize per-cursor peer-reference registers for new partition
  39            Copy           27   29    0                          0  r[29]=r[27]
  40            Null            0   18   18                          0  r[18..18]=NULL; reset accumulator registers
  41            MakeRecord      3    4   31                          0  r[31]=mkrec(r[3..6])
  42            NewRowid        5   24    0                          0  r[24]=rowid
  43            Insert          5   31   24  buffer_table_window_1   2  intkey=r[24] data=r[31]
  44            Rewind          4   46    0                          0  Rewind  ephemeral(buffer_table_window_1)
  45            Rewind          6   46    0                          0  Rewind  ephemeral(buffer_table_window_1)
  46            Goto            0   73    0                          0
  47            MakeRecord      3    4   32                          0  r[32]=mkrec(r[3..6])
  48            NewRowid        5   24    0                          0  r[24]=rowid
  49            Insert          5   32   24  buffer_table_window_1   2  intkey=r[24] data=r[32]
  50            Compare        27   29    1  k(1, Binary)            0  r[27..27]==r[29..29]; compare ORDER BY columns to detect peer
  51            Jump           52   73   52                          0
  52            Column          6    3   33                          0  r[33]=ephemeral(buffer_table_window_1).amount
  53            AggStep         0   33   18  sum                     0  accum=r[18] step(r[33])
  54            Next            6   56    0                          0
  55            Goto            0   60    0                          0
  56            Column          6    1   34                          0  r[34]=ephemeral(buffer_table_window_1).sale_date
  57            Compare        29   34    1  k(1, Binary)            0  r[29..29]==r[34..34]
  58            Jump           59   52   59                          0
  59            Copy           34   29    0                          0  r[29]=r[34]
  60            AggValue        0   18   19  sum                     0  accum=r[18] dest=r[19]
  61            Column          4    1   20                          0  r[20]=ephemeral(buffer_table_window_1).sale_date
  62            Column          4    2   21                          0  r[21]=ephemeral(buffer_table_window_1).sale_id
  63            Column          4    0   22                          0  r[22]=ephemeral(buffer_table_window_1).emp_id
  64            Column          4    3   23                          0  r[23]=ephemeral(buffer_table_window_1).amount
  65            Gosub          30  101    0                          0
  66            Delete          4    0    0  buffer_table_window_1   0
  67            Next            4   69    0                          0
  68            Goto            0   73    0                          0
  69            Column          4    1   35                          0  r[35]=ephemeral(buffer_table_window_1).sale_date
  70            Compare        28   35    1  k(1, Binary)            0  r[28..28]==r[35..35]
  71            Jump           72   61   72                          0
  72            Copy           35   28    0                          0  r[28]=r[35]
  73          Goto              0   30    0                          0
  74          Null              0   26    0                          0  r[26]=NULL; return remaining buffered rows
  75          Rewind            5   98    0                          0  Rewind  ephemeral(buffer_table_window_1)
  76          Column            6    3   36                          0  r[36]=ephemeral(buffer_table_window_1).amount
  77          AggStep           0   36   18  sum                     0  accum=r[18] step(r[36])
  78          Next              6   80    0                          0
  79          Goto              0   84    0                          0
  80          Column            6    1   37                          0  r[37]=ephemeral(buffer_table_window_1).sale_date
  81          Compare          29   37    1  k(1, Binary)            0  r[29..29]==r[37..37]
  82          Jump             83   76   83                          0
  83          Copy             37   29    0                          0  r[29]=r[37]
  84          AggValue          0   18   19  sum                     0  accum=r[18] dest=r[19]
  85          Column            4    1   20                          0  r[20]=ephemeral(buffer_table_window_1).sale_date
  86          Column            4    2   21                          0  r[21]=ephemeral(buffer_table_window_1).sale_id
  87          Column            4    0   22                          0  r[22]=ephemeral(buffer_table_window_1).emp_id
  88          Column            4    3   23                          0  r[23]=ephemeral(buffer_table_window_1).amount
  89          Gosub            30  101    0                          0
  90          Delete            4    0    0  buffer_table_window_1   0
  91          Next              4   93    0                          0
  92          Goto              0   98    0                          0
  93          Column            4    1   38                          0  r[38]=ephemeral(buffer_table_window_1).sale_date
  94          Compare          28   38    1  k(1, Binary)            0  r[28..28]==r[38..38]
  95          Jump             96   85   96                          0
  96          Copy             38   28    0                          0  r[28]=r[38]
  97          Goto              0   84    0                          0
  98          ResetSorter       4    0    0                          0  cursor=4
  99        Return             26    0    1                          0
 100        Goto                0  109    0                          0
 101        Copy               20   39    0                          0  r[39]=r[20]
 102        Copy               21   40    0                          0  r[40]=r[21]
 103        Copy               22   41    0                          0  r[41]=r[22]
 104        Copy               23   42    0                          0  r[42]=r[23]
 105        Copy               19   43    0                          0  r[43]=r[19]
 106        MakeRecord         39    5   17                          0  r[17]=mkrec(r[39..43])
 107        SorterInsert        3   17    0  0                       0  key=r[17]
 108      Return               30    0    0                          0
 109      OpenPseudo            7   17    5                          0  5 columns in r[17]
 110      SorterSort            3  119    0                          0
 111        SorterData          3   17    7                          0  r[17]=data
 112        Column              7    0   12                          0  r[12]=pseudo.column 0
 113        Column              7    1   13                          0  r[13]=pseudo.column 1
 114        Column              7    2   14                          0  r[14]=pseudo.column 2
 115        Column              7    3   15                          0  r[15]=pseudo.column 3
 116        Column              7    4   16                          0  r[16]=pseudo.column 4
 117        Yield               1    0    0                          0
 118      SorterNext            3  111    0                          0
 119      EndCoroutine          1    0    0                          0
 120      OpenEphemeral         8    1    0                          0  cursor=8 is_table=true
 121      OpenDup               9    8    0                          0  new_cursor=9, original_cursor=8
 122      OpenDup              10    8    0                          0  new_cursor=10, original_cursor=8
 123      Null                  0   57    0                          0  r[57]=NULL
 124      InitCoroutine         1    0    2                          0
 125        Yield               1  165    0                          0
 126        Copy               12   59    0                          0  r[59]=r[12]
 127        NotNull            57  137    0                          0  r[57]!=NULL -> goto 137
 128        Copy               59   60    0                          0  r[60]=r[59]; initialize per-cursor peer-reference registers for new partition
 129        Copy               59   61    0                          0  r[61]=r[59]
 130        Null                0   50   50                          0  r[50..50]=NULL; reset accumulator registers
 131        MakeRecord         12    5   63                          0  r[63]=mkrec(r[12..16])
 132        NewRowid            9   57    0                          0  r[57]=rowid
 133        Insert              9   63   57  buffer_table_window_0   2  intkey=r[57] data=r[63]
 134        Rewind              8  136    0                          0  Rewind  ephemeral(buffer_table_window_0)
 135        Rewind             10  136    0                          0  Rewind  ephemeral(buffer_table_window_0)
 136        Goto                0  164    0                          0
 137        MakeRecord         12    5   64                          0  r[64]=mkrec(r[12..16])
 138        NewRowid            9   57    0                          0  r[57]=rowid
 139        Insert              9   64   57  buffer_table_window_0   2  intkey=r[57] data=r[64]
 140        Compare            59   61    1  k(1, Binary)            0  r[59..59]==r[61..61]; compare ORDER BY columns to detect peer
 141        Jump              142  164  142                          0
 142        Column             10    3   65                          0  r[65]=ephemeral(buffer_table_window_0).amount
 143        AggStep             0   65   50  sum                     0  accum=r[50] step(r[65])
 144        Next               10  146    0                          0
 145        Goto                0  150    0                          0
 146        Column             10    0   66                          0  r[66]=ephemeral(buffer_table_window_0).sale_date
 147        Compare            61   66    1  k(1, Binary)            0  r[61..61]==r[66..66]
 148        Jump              149  142  149                          0
 149        Copy               66   61    0                          0  r[61]=r[66]
 150        AggValue            0   50   51  sum                     0  accum=r[50] dest=r[51]
 151        Column              8    1   52                          0  r[52]=ephemeral(buffer_table_window_0).sale_id
 152        Column              8    2   53                          0  r[53]=ephemeral(buffer_table_window_0).emp_id
 153        Column              8    0   54                          0  r[54]=ephemeral(buffer_table_window_0).sale_date
 154        Column              8    3   55                          0  r[55]=ephemeral(buffer_table_window_0).amount
 155        Column              8    4   56                          0  r[56]=ephemeral(buffer_table_window_0).column 4
 156        Gosub              62  193    0                          0
 157        Delete              8    0    0  buffer_table_window_0   0
 158        Next                8  160    0                          0
 159        Goto                0  164    0                          0
 160        Column              8    0   67                          0  r[67]=ephemeral(buffer_table_window_0).sale_date
 161        Compare            60   67    1  k(1, Binary)            0  r[60..60]==r[67..67]
 162        Jump              163  151  163                          0
 163        Copy               67   60    0                          0  r[60]=r[67]
 164      Goto                  0  125    0                          0
 165      Null                  0   58    0                          0  r[58]=NULL; return remaining buffered rows
 166      Rewind                9  190    0                          0  Rewind  ephemeral(buffer_table_window_0)
 167      Column               10    3   68                          0  r[68]=ephemeral(buffer_table_window_0).amount
 168      AggStep               0   68   50  sum                     0  accum=r[50] step(r[68])
 169      Next                 10  171    0                          0
 170      Goto                  0  175    0                          0
 171      Column               10    0   69                          0  r[69]=ephemeral(buffer_table_window_0).sale_date
 172      Compare              61   69    1  k(1, Binary)            0  r[61..61]==r[69..69]
 173      Jump                174  167  174                          0
 174      Copy                 69   61    0                          0  r[61]=r[69]
 175      AggValue              0   50   51  sum                     0  accum=r[50] dest=r[51]
 176      Column                8    1   52                          0  r[52]=ephemeral(buffer_table_window_0).sale_id
 177      Column                8    2   53                          0  r[53]=ephemeral(buffer_table_window_0).emp_id
 178      Column                8    0   54                          0  r[54]=ephemeral(buffer_table_window_0).sale_date
 179      Column                8    3   55                          0  r[55]=ephemeral(buffer_table_window_0).amount
 180      Column                8    4   56                          0  r[56]=ephemeral(buffer_table_window_0).column 4
 181      Gosub                62  193    0                          0
 182      Delete                8    0    0  buffer_table_window_0   0
 183      Next                  8  185    0                          0
 184      Goto                  0  190    0                          0
 185      Column                8    0   70                          0  r[70]=ephemeral(buffer_table_window_0).sale_date
 186      Compare              60   70    1  k(1, Binary)            0  r[60..60]==r[70..70]
 187      Jump                188  176  188                          0
 188      Copy                 70   60    0                          0  r[60]=r[70]
 189      Goto                  0  175    0                          0
 190      ResetSorter           8    0    0                          0  cursor=8
 191    Return                 58    0    1                          0
 192    Goto                    0  201    0                          0
 193    Copy                   52   44    0                          0  r[44]=r[52]
 194    Copy                   53   45    0                          0  r[45]=r[53]
 195    Copy                   54   46    0                          0  r[46]=r[54]
 196    Copy                   55   47    0                          0  r[47]=r[55]
 197    Copy                   51   48    0                          0  r[48]=r[51]
 198    Copy                   56   49    0                          0  r[49]=r[56]
 199    ResultRow              44    6    0                          0  output=r[44..49]
 200  Return                   62    0    0                          0
 201  Halt                      0    0    0                          0
 202  Transaction               0    1    7                          0  iDb=0 tx_mode=Read
 203  Goto                      0    1    0                          0
